../Core/Src/main.c:82:5:main	32	static
../Core/Src/main.c:158:6:SystemClock_Config	88	static
../Core/Src/main.c:200:6:SystemClockOverride	80	static
../Core/Src/main.c:235:13:MX_I2C3_Init	8	static
../Core/Src/main.c:283:13:MX_LTDC_Init	112	static
../Core/Src/main.c:365:13:MX_RNG_Init	8	static
../Core/Src/main.c:392:13:MX_SPI5_Init	8	static
../Core/Src/main.c:430:13:MX_TIM2_Init	32	static
../Core/Src/main.c:480:13:MX_TIM5_Init	32	static
../Core/Src/main.c:525:13:MX_GPIO_Init	64	static
../Core/Src/main.c:709:6:Error_Handler	4	static,ignoring_inline_asm
