../Core/Src/main.c:82:5:main	32	static
../Core/Src/main.c:160:6:SystemClock_Config	88	static
../Core/Src/main.c:202:6:SystemClockOverride	80	static
../Core/Src/main.c:237:13:MX_I2C3_Init	8	static
../Core/Src/main.c:285:13:MX_LTDC_Init	112	static
../Core/Src/main.c:367:13:MX_RNG_Init	8	static
../Core/Src/main.c:394:13:MX_SPI5_Init	8	static
../Core/Src/main.c:432:13:MX_TIM2_Init	32	static
../Core/Src/main.c:479:13:MX_TIM5_Init	32	static
../Core/Src/main.c:524:13:MX_GPIO_Init	64	static
../Core/Src/main.c:708:6:Error_Handler	4	static,ignoring_inline_asm
