../Core/Src/Matrixdef.c:11:6:START_SCREEN	304	static
../Core/Src/Matrixdef.c:59:6:GAME_OVER	312	static
../Core/Src/Matrixdef.c:116:6:RND_NUM	32	static
../Core/Src/Matrixdef.c:134:9:check_State	8	static
../Core/Src/Matrixdef.c:156:6:object_Select	96	static
../Core/Src/Matrixdef.c:256:6:shift_Left	24	static
../Core/Src/Matrixdef.c:267:6:shift_Right	24	static
../Core/Src/Matrixdef.c:278:6:transform_rotation	24	static
../Core/Src/Matrixdef.c:697:6:tick_Matrix	8	static
../Core/Src/Matrixdef.c:711:6:printMatrix	24	static
../Core/Src/Matrixdef.c:741:6:Matrix_clear	4	static
../Core/Src/Matrixdef.c:757:6:Matrix_update	4	static
