../Core/Src/Matrixdef_cut.c:14:6:START_SCREEN	8	static
../Core/Src/Matrixdef_cut.c:49:6:GAME_OVER	32	static
../Core/Src/Matrixdef_cut.c:89:6:RND_NUM	32	static
../Core/Src/Matrixdef_cut.c:103:9:check_State	40	static
../Core/Src/Matrixdef_cut.c:149:6:object_Select	96	static
../Core/Src/Matrixdef_cut.c:250:6:shift_Left	24	static
../Core/Src/Matrixdef_cut.c:264:6:shift_Right	24	static
../Core/Src/Matrixdef_cut.c:281:6:tick_Matrix	24	static
../Core/Src/Matrixdef_cut.c:298:6:transform_rotation	4	static
../Core/Src/Matrixdef_cut.c:714:6:printMatrix	56	static
../Core/Src/Matrixdef_cut.c:749:6:Matrix_clear	4	static
../Core/Src/Matrixdef_cut.c:755:6:Matrix_update	4	static
