../Core/Src/Matrixdef.c:15:6:START_SCREEN	8	static
../Core/Src/Matrixdef.c:96:6:GAME_OVER	32	static
../Core/Src/Matrixdef.c:191:6:RND_NUM	32	static
../Core/Src/Matrixdef.c:212:9:check_State	8	static
../Core/Src/Matrixdef.c:242:6:object_Select	96	static
../Core/Src/Matrixdef.c:343:6:shift_Left	24	static
../Core/Src/Matrixdef.c:361:6:shift_Right	24	static
../Core/Src/Matrixdef.c:377:6:transform_rotation	24	static
../Core/Src/Matrixdef.c:797:6:tick_Matrix	8	static
../Core/Src/Matrixdef.c:811:6:printMatrix	56	static
../Core/Src/Matrixdef.c:871:6:Matrix_clear	4	static
../Core/Src/Matrixdef.c:887:6:Matrix_update	4	static
