../Drivers/CMSIS/Include/core_cm4.h:1684:22:__NVIC_EnableIRQ	16	static,ignoring_inline_asm
../Core/Src/stmpe811.c:33:18:STMPE811_Init	16	static
../Core/Src/stmpe811.c:146:9:STMPE811_Read	24	static
../Core/Src/stmpe811.c:155:6:STMPE811_Write	16	static
../Core/Src/stmpe811.c:162:18:STMPE811_ReadTouch	24	static
../Core/Src/stmpe811.c:231:6:STMPE811_DetermineTouchPosition	16	static
../Core/Src/stmpe811.c:253:6:isSTMPE811_Ready	16	static
../Core/Src/stmpe811.c:265:6:enableInterruptSupportForTouch	32	static
../Core/Src/stmpe811.c:286:6:verifyHAL_I2C_IS_OKAY	8	static
../Core/Src/stmpe811.c:294:13:I2C3_Init	16	static
../Core/Src/stmpe811.c:319:13:I2C3_MspInit	40	static
../Core/Src/stmpe811.c:348:6:I2C3_Write	40	static
../Core/Src/stmpe811.c:357:6:I2C3_Read	32	static
../Core/Src/stmpe811.c:365:6:I2C3_MulitByteRead	32	static
../Core/Src/stmpe811.c:371:10:TM_STMPE811_ReadX	24	static
../Core/Src/stmpe811.c:400:10:TM_STMPE811_ReadY	24	static
